[     646ms] [ERROR] Failed to load resource: the server responded with a status of 404 () @ https://heritagefabrics-sandbox.acumatica.com/Content/AesthetikTheme.css:0
[     928ms] [ERROR] Failed to load resource: the server responded with a status of 404 () @ https://heritagefabrics-sandbox.acumatica.com/favicon.ico:0
[   32214ms] [LOG] Start hub connection @ https://heritagefabrics-sandbox.acumatica.com/Frames/Login.aspx?ReturnUrl=%2fMain%3fScreenId%3dSB302000:662
[   32214ms] [LOG] Debug: Starting HubConnection. @ https://heritagefabrics-sandbox.acumatica.com/Scripts/signalr.js:2413
[   32214ms] [LOG] Debug: Starting connection with transfer format 'Text'. @ https://heritagefabrics-sandbox.acumatica.com/Scripts/signalr.js:2413
[   32300ms] [INFO] Information: WebSocket connected to wss://heritagefabrics-sandbox.acumatica.com/signalr/hubs/MultifactorHub @ https://heritagefabrics-sandbox.acumatica.com/Scripts/signalr.js:2409
[   32300ms] [LOG] Debug: Sending handshake request. @ https://heritagefabrics-sandbox.acumatica.com/Scripts/signalr.js:2413
[   32301ms] [INFO] Information: Using HubProtocol 'json'. @ https://heritagefabrics-sandbox.acumatica.com/Scripts/signalr.js:2409
[   32301ms] [LOG] Hub connection started; transport = undefined @ https://heritagefabrics-sandbox.acumatica.com/Frames/Login.aspx?ReturnUrl=%2fMain%3fScreenId%3dSB302000:672
[   32301ms] [LOG] Start two factor pipeline, provider: MobilePush @ https://heritagefabrics-sandbox.acumatica.com/Frames/Login.aspx?ReturnUrl=%2fMain%3fScreenId%3dSB302000:751
[   32327ms] [LOG] Debug: Server handshake complete. @ https://heritagefabrics-sandbox.acumatica.com/Scripts/signalr.js:2413
[   32812ms] [LOG] Success @ https://heritagefabrics-sandbox.acumatica.com/Frames/Login.aspx?ReturnUrl=%2fMain%3fScreenId%3dSB302000:755
[   34321ms] [LOG] 5(+5) registerControls start @ https://heritagefabrics-sandbox.acumatica.com/PX.ScriptBatch.axd?d=cFBYLldlYi5VSXxQWC5XZWIuVUkuQmFzZQ2&t=638742913580000000:277
[   34321ms] [LOG] 6(+1) registerControls end @ https://heritagefabrics-sandbox.acumatica.com/PX.ScriptBatch.axd?d=cFBYLldlYi5VSXxQWC5XZWIuVUkuQmFzZQ2&t=638742913580000000:277
[   34321ms] [LOG] 7(+1) handleLoad start @ https://heritagefabrics-sandbox.acumatica.com/PX.ScriptBatch.axd?d=cFBYLldlYi5VSXxQWC5XZWIuVUkuQmFzZQ2&t=638742913580000000:277
[   34321ms] [LOG] 7(+0) handleLoad end @ https://heritagefabrics-sandbox.acumatica.com/PX.ScriptBatch.axd?d=cFBYLldlYi5VSXxQWC5XZWIuVUkuQmFzZQ2&t=638742913580000000:277
[   34323ms] [LOG] 9(+2) register start @ https://heritagefabrics-sandbox.acumatica.com/PX.ScriptBatch.axd?d=cFBYLldlYi5VSXxQWC5XZWIuVUkuQmFzZQ2&t=638742913580000000:277
[   34323ms] [LOG] 9(+0) register end @ https://heritagefabrics-sandbox.acumatica.com/PX.ScriptBatch.axd?d=cFBYLldlYi5VSXxQWC5XZWIuVUkuQmFzZQ2&t=638742913580000000:277
[   34955ms] [LOG] 641(+632) End callback ctl00$phDS$ds ReloadPage 641 @ https://heritagefabrics-sandbox.acumatica.com/PX.ScriptBatch.axd?d=cFBYLldlYi5VSXxQWC5XZWIuVUkuQmFzZQ2&t=638742913580000000:277
[   35195ms] [ERROR] Failed to load resource: the server responded with a status of 404 () @ https://heritagefabrics-sandbox.acumatica.com/Content/AesthetikTheme.css:0
[   35924ms] [LOG] 1606(+965) PXControl @ https://heritagefabrics-sandbox.acumatica.com/PX.ScriptBatch.axd?d=cFBYLldlYi5VSXxQWC5XZWIuVUkuQmFzZQ2&t=638742913580000000:277
[   35935ms] [LOG] 1621(+15) _handleFrameLoad @ https://heritagefabrics-sandbox.acumatica.com/PX.ScriptBatch.axd?d=cFBYLldlYi5VSXxQWC5XZWIuVUkuQmFzZQ2&t=638742913580000000:277
[   36131ms] [LOG] 1623(+2) registerControls start @ https://heritagefabrics-sandbox.acumatica.com/PX.ScriptBatch.axd?d=cFBYLldlYi5VSXxQWC5XZWIuVUkuQmFzZQ2&t=638742913580000000:277
[   36131ms] [LOG] 1630(+7) registerControls end @ https://heritagefabrics-sandbox.acumatica.com/PX.ScriptBatch.axd?d=cFBYLldlYi5VSXxQWC5XZWIuVUkuQmFzZQ2&t=638742913580000000:277
[   36131ms] [LOG] 1630(+0) handleLoad start @ https://heritagefabrics-sandbox.acumatica.com/PX.ScriptBatch.axd?d=cFBYLldlYi5VSXxQWC5XZWIuVUkuQmFzZQ2&t=638742913580000000:277
[   36131ms] [LOG] 1632(+2) handleLoad end @ https://heritagefabrics-sandbox.acumatica.com/PX.ScriptBatch.axd?d=cFBYLldlYi5VSXxQWC5XZWIuVUkuQmFzZQ2&t=638742913580000000:277
[   36131ms] [LOG] 1804(+172) reloadPage start @ https://heritagefabrics-sandbox.acumatica.com/PX.ScriptBatch.axd?d=cFBYLldlYi5VSXxQWC5XZWIuVUkuQmFzZQ2&t=638742913580000000:277
[   36132ms] [LOG] 1810(+6) reloadPage end @ https://heritagefabrics-sandbox.acumatica.com/PX.ScriptBatch.axd?d=cFBYLldlYi5VSXxQWC5XZWIuVUkuQmFzZQ2&t=638742913580000000:277
[   36133ms] [LOG] 1819(+9) register start @ https://heritagefabrics-sandbox.acumatica.com/PX.ScriptBatch.axd?d=cFBYLldlYi5VSXxQWC5XZWIuVUkuQmFzZQ2&t=638742913580000000:277
[   36133ms] [LOG] 1819(+0) register end @ https://heritagefabrics-sandbox.acumatica.com/PX.ScriptBatch.axd?d=cFBYLldlYi5VSXxQWC5XZWIuVUkuQmFzZQ2&t=638742913580000000:277
